[2026-09-30T02:15:34.023623+00:00] START specialist ensemble programme
[2026-09-30T02:15:34.027896+00:00] SKIP 00_reference
[2026-09-30T02:15:34.072208+00:00] SKIP 01_baseline
[2026-09-30T02:15:34.084901+00:00] SKIP 02_architecture
[2026-09-30T02:15:34.089573+00:00] SKIP 03_data
[2026-09-30T02:15:34.093789+00:00] SKIP 04_food_nonfood
[2026-09-30T02:15:34.099128+00:00] SKIP 05_identity
[2026-09-30T02:15:34.109941+00:00] SKIP 06_prepared_meal
[2026-09-30T02:15:34.113304+00:00] SKIP 07_food_state
[2026-09-30T02:15:34.116830+00:00] SKIP 08_fusion
[2026-09-30T02:15:34.122176+00:00] RUN 09_candidate_a
Using cache found in C:\Users\kathi/.cache\torch\hub\facebookresearch_dinov2_main
C:\Users\kathi/.cache\torch\hub\facebookresearch_dinov2_main\dinov2\layers\swiglu_ffn.py:51: UserWarning: xFormers is not available (SwiGLU)
  warnings.warn("xFormers is not available (SwiGLU)")
C:\Users\kathi/.cache\torch\hub\facebookresearch_dinov2_main\dinov2\layers\attention.py:33: UserWarning: xFormers is not available (Attention)
  warnings.warn("xFormers is not available (Attention)")
C:\Users\kathi/.cache\torch\hub\facebookresearch_dinov2_main\dinov2\layers\block.py:40: UserWarning: xFormers is not available (Block)
  warnings.warn("xFormers is not available (Block)")
[2026-09-30T02:27:40.664559+00:00] COMPLETE 09_candidate_a
[2026-09-30T02:27:40.695117+00:00] RUN 10_candidate_b
Using cache found in C:\Users\kathi/.cache\torch\hub\facebookresearch_dinov2_main
[2026-09-30T13:09:28.390595+00:00] COMPLETE 10_candidate_b
[2026-09-30T13:09:28.406460+00:00] RUN 11_candidate_c
Using cache found in C:\Users\kathi/.cache\torch\hub\facebookresearch_dinov2_main
[2026-09-30T13:18:28.120877+00:00] COMPLETE 11_candidate_c
[2026-09-30T13:18:28.134755+00:00] RUN 12_acceptance
[2026-09-30T13:18:28.190414+00:00] COMPLETE 12_acceptance
[2026-09-30T13:18:28.210569+00:00] RUN 13_failure_analysis
[2026-09-30T13:18:28.223619+00:00] COMPLETE 13_failure_analysis
[2026-09-30T13:18:28.243033+00:00] RUN 14_final_candidate
[2026-09-30T13:18:28.341708+00:00] COMPLETE 14_final_candidate
[2026-09-30T13:18:28.348192+00:00] RUN 15_registry
[2026-09-30T13:18:28.384551+00:00] COMPLETE 15_registry
[2026-09-30T13:18:28.399342+00:00] RUN 16_serving
[2026-09-30T13:18:28.416704+00:00] COMPLETE 16_serving
[2026-09-30T13:18:28.429753+00:00] RUN 17_end_to_end
[2026-09-30T13:18:28.446964+00:00] COMPLETE 17_end_to_end
[2026-09-30T13:18:28.459846+00:00] RUN 18_final_report
[2026-09-30T13:18:29.014248+00:00] COMPLETE 18_final_report

===== SPECIALIST_TERMINAL =====
{
  "status": "BLOCKED",
  "architecture": "B_detector_specialist_ensemble (Faster R-CNN + food/nonfood + identity + prepared-meal + food-state + fusion/abstention)",
  "best_candidate": "candidate_a",
  "41_scene_completeness": {
    "baseline": 0.2439,
    "final": 0.0
  },
  "critical_failure": "Best specialist candidate strict=0.0 vs baseline 0.2439 (delta=-0.2439). Dominant failure stage=DETECTOR.",
  "data": {
    "strategy": "use_existing_valid_data_first; no 207x250 manufacture",
    "acceptance_fixtures_copied_bytes": 10182436,
    "remediation": {
      "generated_at": "2026-09-29T12:43:07Z",
      "no_train": true,
      "no_production_weight_change": true,
      "no_holdout_change": true,
      "no_bulk_download_to_windows": true,
      "staging_candidates_scanned": 1398,
      "production_eligible_before_estimate": 227,
      "production_eligible_food_total": 310,
      "production_eligible_hardneg_total": 166,
      "newly_acquired_food": 225,
      "newly_acquired_hardneg": 24,
      "reused_staging_food": 85,
      "reused_staging_hardneg": 142,
      "experiment_only_isolated": 36,
      "rejected_count": 108,
      "rejection_reason_counts": {
        "wrong_semantics_reject_map": 64,
        "zone_EXPERIMENT_ONLY:EVALUATION_ONLY": 36,
        "no_results": 3,
        "download_failed:URLError:<urlopen error [SSL: CERTIFICATE_VERIFY_FAILED] certifi": 3,
        "license_rejected:cc_by_sa": 2
      },
      "food_counts": {
        "yogurt": 35,
        "tomato": 40,
        "rice": 40,
        "garlic": 36,
        "cream": 24,
        "ginger": 33,
        "packaged_cheese": 9,
        "tomato_paste": 23,
        "biryani": 20,
        "fried_rice": 25,
        "cheese": 25
      },
      "hardneg_counts": {
        "foodlike_nonfood": 43,
        "kitchen_surface": 46,
        "empty_plate": 15,
        "utensil": 15,
        "human_hand": 15,
        "empty_packaging": 8,
        "cookware": 12,
        "kitchen_mood_nonfood": 12
      },
      "zero_support_food": [],
      "below_useful_food": [
        "packaged_cheese"
      ],
      "sufficient_food": [
        "rice",
        "tomato"
      ],
      "critical_now_covered": [
        "garlic",
        "ginger",
        "rice",
        "biryani",
        "yogurt",
        "cream",
        "tomato",
        "tomato_paste",
        "fried_rice",
        "cheese",
        "packaged_cheese"
      ],
      "critical_still_missing": [],
      "controlled_retrain_justified": true,
      "justification_reason": "Controlled retrain justified for absent-class + hard-negative remediation: critical foods at useful support, hardneg n=166 (kitchen_mood_nonfood=12, cookware=12), prepared/packaged coverage present. packaged_cheese still below useful (9<20) but non-zero.",
      "real_vs_synthetic": {
        "real": 476,
        "synthetic": 0
      }
    },
    "production_eligible_priority_labels": [
      "tomato",
      "garlic",
      "ginger",
      "rice",
      "fried_rice",
      "biryani",
      "yogurt",
      "cheese",
      "packaged_cheese"
    ],
    "hardneg_available": true,
    "note": "Specialist evaluation uses production weights + fusion; Kaggle trains optional food/nonfood improvement"
  },
  "kaggle": {
    "attempted": false
  },
  "production_gate": "FAIL",
  "final_decision": "C. SPECIALIST ENSEMBLE ARCHITECTURE NEEDS CHANGE",
  "candidates": {
    "candidate_a": {
      "strict": 0.0,
      "delta": -0.2439,
      "stages": {
        "CLASSIFIER": 21,
        "DETECTOR": 34,
        "PREPARED_MEAL": 2,
        "FOOD_NONFOOD": 4,
        "FOOD_STATE": 10
      }
    },
    "candidate_b": {
      "strict": 0.0,
      "delta": -0.2439,
      "stages": {
        "CLASSIFIER": 21,
        "DETECTOR": 34,
        "PREPARED_MEAL": 2,
        "FOOD_NONFOOD": 4,
        "FOOD_STATE": 10
      }
    },
    "candidate_c": {
      "strict": 0.0,
      "delta": -0.2439,
      "stages": {
        "CLASSIFIER": 21,
        "DETECTOR": 34,
        "PREPARED_MEAL": 2,
        "FOOD_NONFOOD": 4,
        "FOOD_STATE": 10
      }
    }
  },
  "old_project": "UNCHANGED",
  "generated_at": "2026-09-30T13:18:28.951933+00:00"
}
