[2026-09-30T01:27:43.702550+00:00] START specialist ensemble programme
[2026-09-30T01:27:43.707875+00:00] RUN 00_reference
[2026-09-30T01:27:43.899992+00:00] COMPLETE 00_reference
[2026-09-30T01:27:43.903928+00:00] RUN 01_baseline
[2026-09-30T01:27:44.204789+00:00] COMPLETE 01_baseline
[2026-09-30T01:27:44.210095+00:00] RUN 02_architecture
[2026-09-30T01:27:44.285181+00:00] COMPLETE 02_architecture
[2026-09-30T01:27:44.291611+00:00] RUN 03_data
[2026-09-30T01:27:44.360497+00:00] COMPLETE 03_data
[2026-09-30T01:27:44.367002+00:00] RUN 04_food_nonfood
[2026-09-30T01:27:44.379088+00:00] COMPLETE 04_food_nonfood
[2026-09-30T01:27:44.386153+00:00] RUN 05_identity
[2026-09-30T01:27:44.393562+00:00] COMPLETE 05_identity
[2026-09-30T01:27:44.399478+00:00] RUN 06_prepared_meal
[2026-09-30T01:27:44.408313+00:00] COMPLETE 06_prepared_meal
[2026-09-30T01:27:44.412778+00:00] RUN 07_food_state
[2026-09-30T01:27:44.423085+00:00] COMPLETE 07_food_state
[2026-09-30T01:27:44.427639+00:00] RUN 08_fusion
[2026-09-30T01:27:44.436684+00:00] COMPLETE 08_fusion
[2026-09-30T01:27:44.442557+00:00] RUN 09_candidate_a
[2026-09-30T01:41:10.674644+00:00] COMPLETE 09_candidate_a
[2026-09-30T01:41:10.688514+00:00] RUN 10_candidate_b
[2026-09-30T01:46:27.767054+00:00] START specialist ensemble programme
[2026-09-30T01:46:27.785035+00:00] SKIP 00_reference
[2026-09-30T01:46:27.798160+00:00] SKIP 01_baseline
[2026-09-30T01:46:27.818162+00:00] SKIP 02_architecture
[2026-09-30T01:46:27.858153+00:00] SKIP 03_data
[2026-09-30T01:46:27.895569+00:00] SKIP 04_food_nonfood
[2026-09-30T01:46:27.921606+00:00] SKIP 05_identity
[2026-09-30T01:46:27.934745+00:00] SKIP 06_prepared_meal
[2026-09-30T01:46:27.950972+00:00] SKIP 07_food_state
[2026-09-30T01:46:27.965215+00:00] SKIP 08_fusion
[2026-09-30T01:46:27.970260+00:00] RUN 09_candidate_a
[2026-09-30T01:48:02.167074+00:00] COMPLETE 09_candidate_a
[2026-09-30T01:48:02.178864+00:00] RUN 10_candidate_b
[2026-09-30T01:49:20.701749+00:00] COMPLETE 10_candidate_b
[2026-09-30T01:49:20.713872+00:00] RUN 11_candidate_c
[2026-09-30T01:51:40.795095+00:00] COMPLETE 11_candidate_c
[2026-09-30T01:51:40.875911+00:00] RUN 12_acceptance
[2026-09-30T01:51:41.094395+00:00] COMPLETE 12_acceptance
[2026-09-30T01:51:41.112034+00:00] RUN 13_failure_analysis
[2026-09-30T01:51:41.141577+00:00] COMPLETE 13_failure_analysis
[2026-09-30T01:51:41.152434+00:00] RUN 14_final_candidate
[2026-09-30T01:51:41.285841+00:00] COMPLETE 14_final_candidate
[2026-09-30T01:51:41.293745+00:00] RUN 15_registry
[2026-09-30T01:51:41.363256+00:00] COMPLETE 15_registry
[2026-09-30T01:51:41.377871+00:00] RUN 16_serving
[2026-09-30T01:51:41.396041+00:00] COMPLETE 16_serving
[2026-09-30T01:51:41.410103+00:00] RUN 17_end_to_end
[2026-09-30T01:51:41.441470+00:00] COMPLETE 17_end_to_end
[2026-09-30T01:51:41.457217+00:00] RUN 18_final_report
[2026-09-30T01:51:42.311466+00:00] COMPLETE 18_final_report
[2026-09-30T02:08:57.804719+00:00] START specialist ensemble programme
[2026-09-30T02:08:57.821119+00:00] SKIP 00_reference
[2026-09-30T02:08:57.874995+00:00] SKIP 01_baseline
[2026-09-30T02:08:57.892359+00:00] SKIP 02_architecture
[2026-09-30T02:08:57.897557+00:00] SKIP 03_data
[2026-09-30T02:08:57.904139+00:00] SKIP 04_food_nonfood
[2026-09-30T02:08:57.909043+00:00] SKIP 05_identity
[2026-09-30T02:08:57.921546+00:00] SKIP 06_prepared_meal
[2026-09-30T02:08:57.925677+00:00] SKIP 07_food_state
[2026-09-30T02:08:57.941089+00:00] SKIP 08_fusion
[2026-09-30T02:08:57.946370+00:00] RUN 09_candidate_a
[2026-09-30T02:15:34.023623+00:00] START specialist ensemble programme
[2026-09-30T02:15:34.027896+00:00] SKIP 00_reference
[2026-09-30T02:15:34.072208+00:00] SKIP 01_baseline
[2026-09-30T02:15:34.084901+00:00] SKIP 02_architecture
[2026-09-30T02:15:34.089573+00:00] SKIP 03_data
[2026-09-30T02:15:34.093789+00:00] SKIP 04_food_nonfood
[2026-09-30T02:15:34.099128+00:00] SKIP 05_identity
[2026-09-30T02:15:34.109941+00:00] SKIP 06_prepared_meal
[2026-09-30T02:15:34.113304+00:00] SKIP 07_food_state
[2026-09-30T02:15:34.116830+00:00] SKIP 08_fusion
[2026-09-30T02:15:34.122176+00:00] RUN 09_candidate_a
[2026-09-30T02:27:40.664559+00:00] COMPLETE 09_candidate_a
[2026-09-30T02:27:40.695117+00:00] RUN 10_candidate_b
[2026-09-30T13:09:28.390595+00:00] COMPLETE 10_candidate_b
[2026-09-30T13:09:28.406460+00:00] RUN 11_candidate_c
[2026-09-30T13:14:55.147623+00:00] START specialist ensemble programme
[2026-09-30T13:14:55.172284+00:00] SKIP 00_reference
[2026-09-30T13:14:55.223050+00:00] SKIP 01_baseline
[2026-09-30T13:14:55.238425+00:00] SKIP 02_architecture
[2026-09-30T13:14:55.260381+00:00] SKIP 03_data
[2026-09-30T13:14:55.276423+00:00] SKIP 04_food_nonfood
[2026-09-30T13:14:55.298001+00:00] SKIP 05_identity
[2026-09-30T13:14:55.312450+00:00] SKIP 06_prepared_meal
[2026-09-30T13:14:55.325021+00:00] SKIP 07_food_state
[2026-09-30T13:14:55.330285+00:00] SKIP 08_fusion
[2026-09-30T13:14:55.350328+00:00] SKIP 09_candidate_a
[2026-09-30T13:14:55.371691+00:00] SKIP 10_candidate_b
[2026-09-30T13:14:55.380618+00:00] RUN 11_candidate_c
[2026-09-30T13:18:28.120877+00:00] COMPLETE 11_candidate_c
[2026-09-30T13:18:28.134755+00:00] RUN 12_acceptance
[2026-09-30T13:18:28.190414+00:00] COMPLETE 12_acceptance
[2026-09-30T13:18:28.210569+00:00] RUN 13_failure_analysis
[2026-09-30T13:18:28.223619+00:00] COMPLETE 13_failure_analysis
[2026-09-30T13:18:28.243033+00:00] RUN 14_final_candidate
[2026-09-30T13:18:28.341708+00:00] COMPLETE 14_final_candidate
[2026-09-30T13:18:28.348192+00:00] RUN 15_registry
[2026-09-30T13:18:28.384551+00:00] COMPLETE 15_registry
[2026-09-30T13:18:28.399342+00:00] RUN 16_serving
[2026-09-30T13:18:28.416704+00:00] COMPLETE 16_serving
[2026-09-30T13:18:28.429753+00:00] RUN 17_end_to_end
[2026-09-30T13:18:28.446964+00:00] COMPLETE 17_end_to_end
[2026-09-30T13:18:28.459846+00:00] RUN 18_final_report
[2026-09-30T13:18:29.014248+00:00] COMPLETE 18_final_report
