[{"stream_name":"stderr","time":6.670899232,"data":"/usr/local/lib/python3.12/dist-packages/nbformat/__init__.py:96: MissingIDFieldWarning: Cell is missing an id field, this will become a hard error in future nbformat versions. You may want to use `normalize()` on your notebooks before validations (available since nbformat 5.1.4). Previous versions of nbformat are fixing this issue transparently, and will stop doing so in the future.\n"}
,{"stream_name":"stderr","time":6.670939236,"data":"  validate(nb)\n"}
,{"stream_name":"stderr","time":7.562528368,"data":"0.00s - Debugger warning: It seems that frozen modules are being used, which may\n"}
,{"stream_name":"stderr","time":7.562580308,"data":"0.00s - make the debugger miss breakpoints. Please pass -Xfrozen_modules=off\n"}
,{"stream_name":"stderr","time":7.562586731,"data":"0.00s - to python to disable frozen modules.\n"}
,{"stream_name":"stderr","time":7.562591439,"data":"0.00s - Note: Debugging will proceed. Set PYDEVD_DISABLE_FILE_VALIDATION=1 to disable this validation.\n"}
,{"stream_name":"stderr","time":8.172733491,"data":"0.00s - Debugger warning: It seems that frozen modules are being used, which may\n"}
,{"stream_name":"stderr","time":8.172756393,"data":"0.00s - make the debugger miss breakpoints. Please pass -Xfrozen_modules=off\n"}
,{"stream_name":"stderr","time":8.172760023,"data":"0.00s - to python to disable frozen modules.\n"}
,{"stream_name":"stderr","time":8.172762807,"data":"0.00s - Note: Debugging will proceed. Set PYDEVD_DISABLE_FILE_VALIDATION=1 to disable this validation.\n"}
,{"stream_name":"stdout","time":14.891393875,"data":"{\n"}
,{"stream_name":"stdout","time":14.891454343,"data":"  \"stage\": \"07_14_bundle\",\n"}
,{"stream_name":"stdout","time":14.891459328,"data":"  \"platform\": \"Linux-6.12.90+-x86_64-with-glibc2.35\",\n"}
,{"stream_name":"stdout","time":14.891464452,"data":"  \"cuda_visible\": null,\n"}
,{"stream_name":"stdout","time":14.891468618,"data":"  \"torch\": \"2.10.0+cu128\",\n"}
,{"stream_name":"stdout","time":14.891473005,"data":"  \"cuda\": true,\n"}
,{"stream_name":"stdout","time":14.891477087,"data":"  \"gpu\": [\n"}
,{"stream_name":"stdout","time":14.891481265,"data":"    \"Tesla T4\",\n"}
,{"stream_name":"stdout","time":14.891484692,"data":"    \"Tesla T4\"\n"}
,{"stream_name":"stdout","time":14.89148832,"data":"  ],\n"}
,{"stream_name":"stdout","time":14.891492035,"data":"  \"vram_gb\": [\n"}
,{"stream_name":"stdout","time":14.891495987,"data":"    15.64,\n"}
,{"stream_name":"stdout","time":14.891499435,"data":"    15.64\n"}
,{"stream_name":"stdout","time":14.891502763,"data":"  ],\n"}
,{"stream_name":"stdout","time":14.891506038,"data":"  \"training_decision\": \"DEFER_FULL_RETRAIN\",\n"}
,{"stream_name":"stdout","time":14.891510372,"data":"  \"reason\": \"Classifier-only challenger already measured regression on 41-scene strict completeness. Architecture selected: specialist ensemble. Full specialist training requires production-eligible crop packs mounted; this kernel validates GPU env and freezes deferral.\",\n"}
,{"stream_name":"stdout","time":14.891515662,"data":"  \"selected_architecture\": \"B_detector_specialist_ensemble\",\n"}
,{"stream_name":"stdout","time":14.891519202,"data":"  \"baseline_strict\": 0.2439,\n"}
,{"stream_name":"stdout","time":14.89152256,"data":"  \"challenger_strict\": 0.2195,\n"}
,{"stream_name":"stdout","time":14.891525942,"data":"  \"promote\": false\n"}
,{"stream_name":"stdout","time":14.891529324,"data":"}\n"}
,{"stream_name":"stderr","time":19.854159501,"data":"/usr/local/lib/python3.12/dist-packages/mistune.py:435: SyntaxWarning: invalid escape sequence '\\|'\n"}
,{"stream_name":"stderr","time":19.854185822,"data":"  cells[i][c] = re.sub('\\\\\\\\\\|', '|', cell)\n"}
,{"stream_name":"stderr","time":20.013315496,"data":"/usr/local/lib/python3.12/dist-packages/nbconvert/filters/filter_links.py:36: SyntaxWarning: invalid escape sequence '\\_'\n"}
,{"stream_name":"stderr","time":20.013342668,"data":"  text = re.sub(r'_', '\\_', text) # Escape underscores in display text\n"}
,{"stream_name":"stderr","time":20.613474457,"data":"[NbConvertApp] Converting notebook __notebook__.ipynb to notebook\n"}
,{"stream_name":"stderr","time":20.896801817,"data":"[NbConvertApp] Writing 4122 bytes to __notebook__.ipynb\n"}
,{"stream_name":"stderr","time":23.191793273,"data":"[NbConvertApp] Converting notebook __notebook__.ipynb to html\n"}
,{"stream_name":"stderr","time":23.954081179,"data":"[NbConvertApp] Writing 280566 bytes to __results__.html\n"}
]